# S6A-04-missing-app-term-is-not-a-zero

witness: `a_missing_application_term_is_an_error_and_never_a_zero` (`net/crates/net/tests/natsim_browser.rs`, ungated — runs on every platform)
mutated file: `net/crates/net/tests/natsim/rows.rs`
engine: native `cargo test`, Windows 11 host, `x86_64-pc-windows-msvc`

source sha256 (the base this diff applies to, the Stage 6 repair working tree):
```
before mutation : c97a49f39ca5e78e0e9ed253c5cec89fb616d4a08d1da38eb00fe30f138582d1
mutated         : 4ea6ace278062aa174c1adcb75affca219c087fca2458a5eaf727fdb45820edc
after restore   : c97a49f39ca5e78e0e9ed253c5cec89fb616d4a08d1da38eb00fe30f138582d1   == before (byte-identical)
```

## bounded inverse mutation

```diff
diff --git a/net/crates/net/tests/natsim/rows.rs b/net/crates/net/tests/natsim/rows.rs
index 1177e35ea..fd42405bb 100644
--- a/net/crates/net/tests/natsim/rows.rs
+++ b/net/crates/net/tests/natsim/rows.rs
@@ -703,9 +703,9 @@ impl AppExchange {
             received_at_b: term(v, "received_at_b")?,
             received_at_a: term(v, "received_at_a")?,
             forwarded_pre_ab: term(v, "forwarded_pre_ab")?,
             forwarded_pre_ba: term(v, "forwarded_pre_ba")?,
-            forwarded_post_ab: term(v, "forwarded_post_ab")?,
+            forwarded_post_ab: term(v, "forwarded_post_ab").unwrap_or(0),
             forwarded_post_ba: term(v, "forwarded_post_ba")?,
         })
     }
```

That hunk is the whole of the change. It was applied to the working tree whose
pre-mutation sha256 is above; nothing else in the tree was touched, and the
post-restore sha256 is byte-identical to the pre-mutation one.

## command and exit

```
$ cd net/crates/net
$ cargo test --test natsim_browser a_missing_application_term_is_an_error_and_never_a_zero -- --exact
EXIT=101    (mutated)
EXIT=0    (restored)
```

## mutated run — RED, verbatim

```

running 1 test
test a_missing_application_term_is_an_error_and_never_a_zero ... FAILED

failures:

---- a_missing_application_term_is_an_error_and_never_a_zero stdout ----

thread 'a_missing_application_term_is_an_error_and_never_a_zero' (95980) panicked at tests\natsim_browser.rs:653:41:
a term of the witness is absent: RowVerdict { scenario: "browser_cone_cone", nat_a: "cone-ar", nat_b: "cone-ar", engine_a: "chromium", engine_b: "chromium", page_type: "direct", peer_page_type: "direct", page_detail: "", a: IceCounters { attempted: 2, direct: 2, relayed: 0, failed: 0, udp_blocked: 0 }, b: IceCounters { attempted: 2, direct: 2, relayed: 0, failed: 0, udp_blocked: 0 }, anchor: IceCounters { attempted: 2, direct: 2, relayed: 0, failed: 0, udp_blocked: 0 }, media: "granted", app: AppExchange { nonce_a: "a1a1a1a1a1a1a1a1", nonce_b: "b2b2b2b2b2b2b2b2", seen_at_b: "a1a1a1a1a1a1a1a1", seen_at_a: "b2b2b2b2b2b2b2b2", sent_a_to_b: 4, sent_b_to_a: 4, received_at_b: 4, received_at_a: 4, forwarded_pre_ab: 7, forwarded_pre_ba: 7, forwarded_post_ab: 0, forwarded_post_ba: 7 }, errors: [] }
note: run with `RUST_BACKTRACE=1` environment variable to display a backtrace


failures:
    a_missing_application_term_is_an_error_and_never_a_zero

test result: FAILED. 0 passed; 1 failed; 0 ignored; 0 measured; 37 filtered out; finished in 0.00s

warning: Cargo.toml: `panic` setting is ignored for `bench` profile
warning: `net-mesh` (manifest) generated 1 warning
   Compiling net-mesh v0.36.0 (C:\Users\chief\orca\workspaces\net\webrtc-transport\net\crates\net)
    Finished `test` profile [unoptimized + debuginfo] target(s) in 0.61s
     Running tests\natsim_browser.rs (target\debug\deps\natsim_browser-7c140f38a25702a5.exe)
error: test failed, to rerun pass `--test natsim_browser`
```

## restored run — GREEN, verbatim

```

running 1 test
test a_missing_application_term_is_an_error_and_never_a_zero ... ok

test result: ok. 1 passed; 0 failed; 0 ignored; 0 measured; 37 filtered out; finished in 0.00s

warning: Cargo.toml: `panic` setting is ignored for `bench` profile
warning: `net-mesh` (manifest) generated 1 warning
   Compiling net-mesh v0.36.0 (C:\Users\chief\orca\workspaces\net\webrtc-transport\net\crates\net)
    Finished `test` profile [unoptimized + debuginfo] target(s) in 0.62s
     Running tests\natsim_browser.rs (target\debug\deps\natsim_browser-7c140f38a25702a5.exe)
```
