# S6A-02-relayed-row-carried-forwarding

witness: `a_relayed_row_whose_payload_the_anchor_never_forwarded_fails` (`net/crates/net/tests/natsim_browser.rs`, ungated — runs on every platform)
mutated file: `net/crates/net/tests/natsim/rows.rs`
engine: native `cargo test`, Windows 11 host, `x86_64-pc-windows-msvc`

source sha256 (the base this diff applies to, the Stage 6 repair working tree):
```
before mutation : c97a49f39ca5e78e0e9ed253c5cec89fb616d4a08d1da38eb00fe30f138582d1
mutated         : 93618d31fb2af07896bf5ec6df99c0e9b25d8f48b97319553577ec38e42b7001
after restore   : c97a49f39ca5e78e0e9ed253c5cec89fb616d4a08d1da38eb00fe30f138582d1   == before (byte-identical)
```

## bounded inverse mutation

```diff
diff --git a/net/crates/net/tests/natsim/rows.rs b/net/crates/net/tests/natsim/rows.rs
index 1177e35ea..8f7c6dd46 100644
--- a/net/crates/net/tests/natsim/rows.rs
+++ b/net/crates/net/tests/natsim/rows.rs
@@ -800,9 +800,9 @@ impl AppExchange {
                 }
                 Ok(())
             }
             Forwarding::Carried => {
-                if ab == 0 || ba == 0 {
+                if (ab == 0 || ba == 0) && false {
                     return Err(format!(
                         "row {} is relayed and both nonces arrived — but the anchor's per-pair \
                          application counter moved {ab} a→b and {ba} b→a ({} → {} and {} → {}). \
                          On a relayed row the anchor IS the path, so a direction that delivered \
```

That hunk is the whole of the change. It was applied to the working tree whose
pre-mutation sha256 is above; nothing else in the tree was touched, and the
post-restore sha256 is byte-identical to the pre-mutation one.

## command and exit

```
$ cd net/crates/net
$ cargo test --test natsim_browser a_relayed_row_whose_payload_the_anchor_never_forwarded_fails -- --exact
EXIT=101    (mutated)
EXIT=0    (restored)
```

## mutated run — RED, verbatim

```

running 1 test
test a_relayed_row_whose_payload_the_anchor_never_forwarded_fails ... FAILED

failures:

---- a_relayed_row_whose_payload_the_anchor_never_forwarded_fails stdout ----

thread 'a_relayed_row_whose_payload_the_anchor_never_forwarded_fails' (116268) panicked at tests\natsim_browser.rs:742:10:
a relayed direction the anchor did not carry: ()
note: run with `RUST_BACKTRACE=1` environment variable to display a backtrace


failures:
    a_relayed_row_whose_payload_the_anchor_never_forwarded_fails

test result: FAILED. 0 passed; 1 failed; 0 ignored; 0 measured; 37 filtered out; finished in 0.00s

warning: Cargo.toml: `panic` setting is ignored for `bench` profile
warning: `net-mesh` (manifest) generated 1 warning
   Compiling net-mesh v0.36.0 (C:\Users\chief\orca\workspaces\net\webrtc-transport\net\crates\net)
    Finished `test` profile [unoptimized + debuginfo] target(s) in 0.62s
     Running tests\natsim_browser.rs (target\debug\deps\natsim_browser-7c140f38a25702a5.exe)
error: test failed, to rerun pass `--test natsim_browser`
```

## restored run — GREEN, verbatim

```

running 1 test
test a_relayed_row_whose_payload_the_anchor_never_forwarded_fails ... ok

test result: ok. 1 passed; 0 failed; 0 ignored; 0 measured; 37 filtered out; finished in 0.00s

warning: Cargo.toml: `panic` setting is ignored for `bench` profile
warning: `net-mesh` (manifest) generated 1 warning
   Compiling net-mesh v0.36.0 (C:\Users\chief\orca\workspaces\net\webrtc-transport\net\crates\net)
    Finished `test` profile [unoptimized + debuginfo] target(s) in 0.63s
     Running tests\natsim_browser.rs (target\debug\deps\natsim_browser-7c140f38a25702a5.exe)
```
