# S6A-05-missing-app-witness-is-refused

witness: `a_verdict_with_no_application_witness_is_refused` (`net/crates/net/tests/natsim_browser.rs`, ungated — runs on every platform)
mutated file: `net/crates/net/tests/natsim/rows.rs`
engine: native `cargo test`, Windows 11 host, `x86_64-pc-windows-msvc`

source sha256 (the base this diff applies to, the Stage 6 repair working tree):
```
before mutation : c97a49f39ca5e78e0e9ed253c5cec89fb616d4a08d1da38eb00fe30f138582d1
mutated         : bcb3b0c3a47e05d7b0413b92dac4211d2d0cdc66499109323866780a42912d2e
after restore   : c97a49f39ca5e78e0e9ed253c5cec89fb616d4a08d1da38eb00fe30f138582d1   == before (byte-identical)
```

## bounded inverse mutation

```diff
diff --git a/net/crates/net/tests/natsim/rows.rs b/net/crates/net/tests/natsim/rows.rs
index 1177e35ea..3aec0feba 100644
--- a/net/crates/net/tests/natsim/rows.rs
+++ b/net/crates/net/tests/natsim/rows.rs
@@ -940,15 +940,9 @@ impl RowVerdict {
                          application exchange was neither measured nor refused"
                             .to_owned(),
                     )
                 }
-                None => {
-                    return Err(
-                        "verdict field app missing. The row's application-delivery witness is \
-                         not optional: without it the row observes a disposition and no payload."
-                            .to_owned(),
-                    )
-                }
+                None => AppExchange::default(),
             },
             errors,
         })
     }
```

That hunk is the whole of the change. It was applied to the working tree whose
pre-mutation sha256 is above; nothing else in the tree was touched, and the
post-restore sha256 is byte-identical to the pre-mutation one.

## command and exit

```
$ cd net/crates/net
$ cargo test --test natsim_browser a_verdict_with_no_application_witness_is_refused -- --exact
EXIT=101    (mutated)
EXIT=0    (restored)
```

## mutated run — RED, verbatim

```

running 1 test
test a_verdict_with_no_application_witness_is_refused ... FAILED

failures:

---- a_verdict_with_no_application_witness_is_refused stdout ----

thread 'a_verdict_with_no_application_witness_is_refused' (48740) panicked at tests\natsim_browser.rs:612:10:
a measuring verdict with no application witness is not a measurement: RowVerdict { scenario: "browser_cone_cone", nat_a: "cone-ar", nat_b: "cone-ar", engine_a: "chromium", engine_b: "chromium", page_type: "direct", peer_page_type: "direct", page_detail: "", a: IceCounters { attempted: 2, direct: 2, relayed: 0, failed: 0, udp_blocked: 0 }, b: IceCounters { attempted: 2, direct: 2, relayed: 0, failed: 0, udp_blocked: 0 }, anchor: IceCounters { attempted: 2, direct: 2, relayed: 0, failed: 0, udp_blocked: 0 }, media: "granted", app: AppExchange { nonce_a: "", nonce_b: "", seen_at_b: "", seen_at_a: "", sent_a_to_b: 0, sent_b_to_a: 0, received_at_b: 0, received_at_a: 0, forwarded_pre_ab: 0, forwarded_pre_ba: 0, forwarded_post_ab: 0, forwarded_post_ba: 0 }, errors: [] }
note: run with `RUST_BACKTRACE=1` environment variable to display a backtrace


failures:
    a_verdict_with_no_application_witness_is_refused

test result: FAILED. 0 passed; 1 failed; 0 ignored; 0 measured; 37 filtered out; finished in 0.00s

warning: Cargo.toml: `panic` setting is ignored for `bench` profile
warning: `net-mesh` (manifest) generated 1 warning
   Compiling net-mesh v0.36.0 (C:\Users\chief\orca\workspaces\net\webrtc-transport\net\crates\net)
    Finished `test` profile [unoptimized + debuginfo] target(s) in 0.63s
     Running tests\natsim_browser.rs (target\debug\deps\natsim_browser-7c140f38a25702a5.exe)
error: test failed, to rerun pass `--test natsim_browser`
```

## restored run — GREEN, verbatim

```

running 1 test
test a_verdict_with_no_application_witness_is_refused ... ok

test result: ok. 1 passed; 0 failed; 0 ignored; 0 measured; 37 filtered out; finished in 0.00s

warning: Cargo.toml: `panic` setting is ignored for `bench` profile
warning: `net-mesh` (manifest) generated 1 warning
    Blocking waiting for file lock on package cache
   Compiling net-mesh v0.36.0 (C:\Users\chief\orca\workspaces\net\webrtc-transport\net\crates\net)
    Finished `test` profile [unoptimized + debuginfo] target(s) in 0.68s
     Running tests\natsim_browser.rs (target\debug\deps\natsim_browser-7c140f38a25702a5.exe)
```
