# S6A-07-flow-source-is-required

witness: `a_flow_witness_that_cannot_say_where_its_numbers_came_from_is_refused` (`net/crates/net/tests/natsim_browser.rs`, ungated — runs on every platform)
mutated file: `net/crates/net/tests/natsim/rows.rs`
engine: native `cargo test`, Windows 11 host, `x86_64-pc-windows-msvc`

source sha256 (the base this diff applies to, the Stage 6 repair working tree):
```
before mutation : c97a49f39ca5e78e0e9ed253c5cec89fb616d4a08d1da38eb00fe30f138582d1
mutated         : 800c59ce4e924d361888f47c2872ee0a44fd4346f5b1ac81519c056a53f3a2b1
after restore   : c97a49f39ca5e78e0e9ed253c5cec89fb616d4a08d1da38eb00fe30f138582d1   == before (byte-identical)
```

## bounded inverse mutation

```diff
diff --git a/net/crates/net/tests/natsim/rows.rs b/net/crates/net/tests/natsim/rows.rs
index 1177e35ea..d0b8e0412 100644
--- a/net/crates/net/tests/natsim/rows.rs
+++ b/net/crates/net/tests/natsim/rows.rs
@@ -1114,9 +1114,10 @@ impl NatFlows {
                         format!(
                             "nat_flow.json {key}.source missing or not a string — a conntrack \
                              read that failed and a gateway that saw no flow are opposite facts"
                         )
-                    })?
+                    })
+                    .unwrap_or("conntrack")
                     .to_owned(),
             })
         };
         Ok(Self {
```

That hunk is the whole of the change. It was applied to the working tree whose
pre-mutation sha256 is above; nothing else in the tree was touched, and the
post-restore sha256 is byte-identical to the pre-mutation one.

## command and exit

```
$ cd net/crates/net
$ cargo test --test natsim_browser a_flow_witness_that_cannot_say_where_its_numbers_came_from_is_refused -- --exact
EXIT=101    (mutated)
EXIT=0    (restored)
```

## mutated run — RED, verbatim

```

running 1 test
test a_flow_witness_that_cannot_say_where_its_numbers_came_from_is_refused ... FAILED

failures:

---- a_flow_witness_that_cannot_say_where_its_numbers_came_from_is_refused stdout ----

thread 'a_flow_witness_that_cannot_say_where_its_numbers_came_from_is_refused' (41160) panicked at tests\natsim_browser.rs:934:6:
side a does not report its reader: NatFlows { a: GatewayFlows { udp_flows: 0, udp_replied: 0, source: "conntrack" }, b: GatewayFlows { udp_flows: 0, udp_replied: 0, source: "conntrack" } }
note: run with `RUST_BACKTRACE=1` environment variable to display a backtrace


failures:
    a_flow_witness_that_cannot_say_where_its_numbers_came_from_is_refused

test result: FAILED. 0 passed; 1 failed; 0 ignored; 0 measured; 37 filtered out; finished in 0.00s

warning: Cargo.toml: `panic` setting is ignored for `bench` profile
warning: `net-mesh` (manifest) generated 1 warning
   Compiling net-mesh v0.36.0 (C:\Users\chief\orca\workspaces\net\webrtc-transport\net\crates\net)
    Finished `test` profile [unoptimized + debuginfo] target(s) in 0.68s
     Running tests\natsim_browser.rs (target\debug\deps\natsim_browser-7c140f38a25702a5.exe)
error: test failed, to rerun pass `--test natsim_browser`
```

## restored run — GREEN, verbatim

```

running 1 test
test a_flow_witness_that_cannot_say_where_its_numbers_came_from_is_refused ... ok

test result: ok. 1 passed; 0 failed; 0 ignored; 0 measured; 37 filtered out; finished in 0.00s

warning: Cargo.toml: `panic` setting is ignored for `bench` profile
warning: `net-mesh` (manifest) generated 1 warning
   Compiling net-mesh v0.36.0 (C:\Users\chief\orca\workspaces\net\webrtc-transport\net\crates\net)
    Finished `test` profile [unoptimized + debuginfo] target(s) in 0.72s
     Running tests\natsim_browser.rs (target\debug\deps\natsim_browser-7c140f38a25702a5.exe)
```
