# S6A-08-media-grant-is-part-of-the-row

witness: `a_permission_free_leg_that_was_granted_media_fails` (`net/crates/net/tests/natsim_browser.rs`, ungated — runs on every platform)
mutated file: `net/crates/net/tests/natsim/rows.rs`
engine: native `cargo test`, Windows 11 host, `x86_64-pc-windows-msvc`

source sha256 (the base this diff applies to, the Stage 6 repair working tree):
```
before mutation : c97a49f39ca5e78e0e9ed253c5cec89fb616d4a08d1da38eb00fe30f138582d1
mutated         : e40b85777ed7a6f9e823e29ac8d2d279b3af9686b34e2ee2941e49c25e6cfdcb
after restore   : c97a49f39ca5e78e0e9ed253c5cec89fb616d4a08d1da38eb00fe30f138582d1   == before (byte-identical)
```

## bounded inverse mutation

```diff
diff --git a/net/crates/net/tests/natsim/rows.rs b/net/crates/net/tests/natsim/rows.rs
index 1177e35ea..3fe5ff566 100644
--- a/net/crates/net/tests/natsim/rows.rs
+++ b/net/crates/net/tests/natsim/rows.rs
@@ -1022,9 +1022,9 @@ impl RowVerdict {
         // that only means something once the disposition above is
         // established: "the anchor forwarded nothing" is the direct
         // claim and "the anchor forwarded both ways" is the relayed
         // one, and which of them is being asserted comes from the row.
-        if self.media != row.media.flag() {
+        if self.media != row.media.flag() && false {
             return Err(format!(
                 "row {} ran with media {:?} but the table says {} — a row that acquired a \
                  permission it claims not to need is measuring the granted environment",
                 row.scenario, self.media, row.media
```

That hunk is the whole of the change. It was applied to the working tree whose
pre-mutation sha256 is above; nothing else in the tree was touched, and the
post-restore sha256 is byte-identical to the pre-mutation one.

## command and exit

```
$ cd net/crates/net
$ cargo test --test natsim_browser a_permission_free_leg_that_was_granted_media_fails -- --exact
EXIT=101    (mutated)
EXIT=0    (restored)
```

## mutated run — RED, verbatim

```

running 1 test
test a_permission_free_leg_that_was_granted_media_fails ... FAILED

failures:

---- a_permission_free_leg_that_was_granted_media_fails stdout ----

thread 'a_permission_free_leg_that_was_granted_media_fails' (115852) panicked at tests\natsim_browser.rs:813:10:
the leg ran with a grant it is defined by not having: ()
note: run with `RUST_BACKTRACE=1` environment variable to display a backtrace


failures:
    a_permission_free_leg_that_was_granted_media_fails

test result: FAILED. 0 passed; 1 failed; 0 ignored; 0 measured; 37 filtered out; finished in 0.00s

warning: Cargo.toml: `panic` setting is ignored for `bench` profile
warning: `net-mesh` (manifest) generated 1 warning
   Compiling net-mesh v0.36.0 (C:\Users\chief\orca\workspaces\net\webrtc-transport\net\crates\net)
    Finished `test` profile [unoptimized + debuginfo] target(s) in 0.69s
     Running tests\natsim_browser.rs (target\debug\deps\natsim_browser-7c140f38a25702a5.exe)
error: test failed, to rerun pass `--test natsim_browser`
```

## restored run — GREEN, verbatim

```

running 1 test
test a_permission_free_leg_that_was_granted_media_fails ... ok

test result: ok. 1 passed; 0 failed; 0 ignored; 0 measured; 37 filtered out; finished in 0.00s

warning: Cargo.toml: `panic` setting is ignored for `bench` profile
warning: `net-mesh` (manifest) generated 1 warning
    Blocking waiting for file lock on package cache
    Blocking waiting for file lock on package cache
    Blocking waiting for file lock on package cache
   Compiling net-mesh v0.36.0 (C:\Users\chief\orca\workspaces\net\webrtc-transport\net\crates\net)
    Finished `test` profile [unoptimized + debuginfo] target(s) in 0.68s
     Running tests\natsim_browser.rs (target\debug\deps\natsim_browser-7c140f38a25702a5.exe)
```
