# S6A-01-direct-row-flat-forwarding

witness: `a_direct_row_whose_payload_the_anchor_forwarded_fails` (`net/crates/net/tests/natsim_browser.rs`, ungated — runs on every platform)
mutated file: `net/crates/net/tests/natsim/rows.rs`
engine: native `cargo test`, Windows 11 host, `x86_64-pc-windows-msvc`

source sha256 (the base this diff applies to, the Stage 6 repair working tree):
```
before mutation : c97a49f39ca5e78e0e9ed253c5cec89fb616d4a08d1da38eb00fe30f138582d1
mutated         : bdf618647ca92d66bad421c5040262eadf35885985a6d4947c9a3b4cd4b53b5e
after restore   : c97a49f39ca5e78e0e9ed253c5cec89fb616d4a08d1da38eb00fe30f138582d1   == before (byte-identical)
```

## bounded inverse mutation

```diff
diff --git a/net/crates/net/tests/natsim/rows.rs b/net/crates/net/tests/natsim/rows.rs
index 1177e35ea..3cfab1513 100644
--- a/net/crates/net/tests/natsim/rows.rs
+++ b/net/crates/net/tests/natsim/rows.rs
@@ -784,9 +784,9 @@ impl AppExchange {
         }
         let (ab, ba) = self.forwarded_delta()?;
         match row.pair_forwarding() {
             Forwarding::Flat => {
-                if ab != 0 || ba != 0 {
+                if (ab != 0 || ba != 0) && false {
                     return Err(format!(
                         "row {} claims direct, and both nonces arrived — but the ANCHOR forwarded \
                          {ab} a→b and {ba} b→a application packets for this exact pair while they \
                          did ({} → {} and {} → {}). Bytes the anchor carried are not a direct \
```

That hunk is the whole of the change. It was applied to the working tree whose
pre-mutation sha256 is above; nothing else in the tree was touched, and the
post-restore sha256 is byte-identical to the pre-mutation one.

## command and exit

```
$ cd net/crates/net
$ cargo test --test natsim_browser a_direct_row_whose_payload_the_anchor_forwarded_fails -- --exact
EXIT=101    (mutated)
EXIT=0    (restored)
```

## mutated run — RED, verbatim

```

running 1 test
test a_direct_row_whose_payload_the_anchor_forwarded_fails ... FAILED

failures:

---- a_direct_row_whose_payload_the_anchor_forwarded_fails stdout ----

thread 'a_direct_row_whose_payload_the_anchor_forwarded_fails' (113768) panicked at tests\natsim_browser.rs:724:10:
the anchor forwarded application bytes for a pair that claims direct: ()
note: run with `RUST_BACKTRACE=1` environment variable to display a backtrace


failures:
    a_direct_row_whose_payload_the_anchor_forwarded_fails

test result: FAILED. 0 passed; 1 failed; 0 ignored; 0 measured; 37 filtered out; finished in 0.00s

warning: Cargo.toml: `panic` setting is ignored for `bench` profile
warning: `net-mesh` (manifest) generated 1 warning
   Compiling net-mesh v0.36.0 (C:\Users\chief\orca\workspaces\net\webrtc-transport\net\crates\net)
    Finished `test` profile [unoptimized + debuginfo] target(s) in 0.62s
     Running tests\natsim_browser.rs (target\debug\deps\natsim_browser-7c140f38a25702a5.exe)
error: test failed, to rerun pass `--test natsim_browser`
```

## restored run — GREEN, verbatim

```

running 1 test
test a_direct_row_whose_payload_the_anchor_forwarded_fails ... ok

test result: ok. 1 passed; 0 failed; 0 ignored; 0 measured; 37 filtered out; finished in 0.00s

warning: Cargo.toml: `panic` setting is ignored for `bench` profile
warning: `net-mesh` (manifest) generated 1 warning
   Compiling net-mesh v0.36.0 (C:\Users\chief\orca\workspaces\net\webrtc-transport\net\crates\net)
    Finished `test` profile [unoptimized + debuginfo] target(s) in 0.62s
     Running tests\natsim_browser.rs (target\debug\deps\natsim_browser-7c140f38a25702a5.exe)
```
