# S6A-03-nonce-correlation

witness: `frames_that_arrived_with_the_wrong_nonce_fail_the_row` (`net/crates/net/tests/natsim_browser.rs`, ungated — runs on every platform)
mutated file: `net/crates/net/tests/natsim/rows.rs`
engine: native `cargo test`, Windows 11 host, `x86_64-pc-windows-msvc`

source sha256 (the base this diff applies to, the Stage 6 repair working tree):
```
before mutation : c97a49f39ca5e78e0e9ed253c5cec89fb616d4a08d1da38eb00fe30f138582d1
mutated         : a844020bca69b6cec889cbdbe4a89e1c5378c8fdac6a3441b51c259a70246460
after restore   : c97a49f39ca5e78e0e9ed253c5cec89fb616d4a08d1da38eb00fe30f138582d1   == before (byte-identical)
```

## bounded inverse mutation

```diff
diff --git a/net/crates/net/tests/natsim/rows.rs b/net/crates/net/tests/natsim/rows.rs
index 1177e35ea..594c44f5b 100644
--- a/net/crates/net/tests/natsim/rows.rs
+++ b/net/crates/net/tests/natsim/rows.rs
@@ -747,9 +747,9 @@ impl AppExchange {
                  to its own sender would satisfy both halves",
                 row.scenario, self.nonce_a
             ));
         }
-        if self.seen_at_b != self.nonce_a {
+        if self.seen_at_b != self.nonce_a && false {
             return Err(format!(
                 "row {}: B decoded {:?} from A's peer-addressed stream, but A sent {:?}. No \
                  application payload of A's was observed at B, so this row has a disposition and \
                  no delivery.",
```

That hunk is the whole of the change. It was applied to the working tree whose
pre-mutation sha256 is above; nothing else in the tree was touched, and the
post-restore sha256 is byte-identical to the pre-mutation one.

## command and exit

```
$ cd net/crates/net
$ cargo test --test natsim_browser frames_that_arrived_with_the_wrong_nonce_fail_the_row -- --exact
EXIT=101    (mutated)
EXIT=0    (restored)
```

## mutated run — RED, verbatim

```

running 1 test
test frames_that_arrived_with_the_wrong_nonce_fail_the_row ... FAILED

failures:

---- frames_that_arrived_with_the_wrong_nonce_fail_the_row stdout ----

thread 'frames_that_arrived_with_the_wrong_nonce_fail_the_row' (101868) panicked at tests\natsim_browser.rs:678:10:
B decoded a nonce A never sent: ()
note: run with `RUST_BACKTRACE=1` environment variable to display a backtrace


failures:
    frames_that_arrived_with_the_wrong_nonce_fail_the_row

test result: FAILED. 0 passed; 1 failed; 0 ignored; 0 measured; 37 filtered out; finished in 0.00s

warning: Cargo.toml: `panic` setting is ignored for `bench` profile
warning: `net-mesh` (manifest) generated 1 warning
   Compiling net-mesh v0.36.0 (C:\Users\chief\orca\workspaces\net\webrtc-transport\net\crates\net)
    Finished `test` profile [unoptimized + debuginfo] target(s) in 0.61s
     Running tests\natsim_browser.rs (target\debug\deps\natsim_browser-7c140f38a25702a5.exe)
error: test failed, to rerun pass `--test natsim_browser`
```

## restored run — GREEN, verbatim

```

running 1 test
test frames_that_arrived_with_the_wrong_nonce_fail_the_row ... ok

test result: ok. 1 passed; 0 failed; 0 ignored; 0 measured; 37 filtered out; finished in 0.00s

warning: Cargo.toml: `panic` setting is ignored for `bench` profile
warning: `net-mesh` (manifest) generated 1 warning
   Compiling net-mesh v0.36.0 (C:\Users\chief\orca\workspaces\net\webrtc-transport\net\crates\net)
    Finished `test` profile [unoptimized + debuginfo] target(s) in 0.61s
     Running tests\natsim_browser.rs (target\debug\deps\natsim_browser-7c140f38a25702a5.exe)
```
