# Exported symbol set of the single libnet cdylib (bindings/go/net-ffi).
# Checked by .github/scripts/check-ffi-exports.py; regenerate with --update
# ONLY for an intended C-ABI change, and say so in that commit.
# generated-at: 1eb9ba7cc451a1c79c1a3b8c417773a0d11789c8
# pinned-to: ad874ff433b89f20ce8813ecd8d6c93b2ec58f89 (net/ identical between pin and generated-at)
# artifact: net.dll (pe, Windows AMD64)
# build: cargo build --release -p net-ffi --features net-ffi/test-helpers
# count: 568
net_blob_adapter_registered
net_blob_free_buffer
net_blob_publish
net_blob_register_callback_adapter
net_blob_register_fs_adapter
net_blob_resolve
net_blob_unregister_adapter
net_capability_aggregate
net_capability_capacity_ranking
net_channel_hash
net_compute_daemon_handle_entity_id
net_compute_daemon_handle_free
net_compute_daemon_handle_origin_hash
net_compute_expect_migration
net_compute_fork_group_fork_count
net_compute_fork_group_fork_records_json
net_compute_fork_group_fork_seq
net_compute_fork_group_free
net_compute_fork_group_healthy_count
net_compute_fork_group_members_json
net_compute_fork_group_on_node_recovery
net_compute_fork_group_parent_origin
net_compute_fork_group_scale_to
net_compute_fork_group_spawn
net_compute_fork_group_verify_lineage
net_compute_free_cstring
net_compute_has_placement_filter
net_compute_migration_handle_cancel
net_compute_migration_handle_free
net_compute_migration_handle_origin_hash
net_compute_migration_handle_phase
net_compute_migration_handle_source_node
net_compute_migration_handle_target_node
net_compute_migration_handle_wait
net_compute_migration_handle_wait_with_timeout
net_compute_migration_phase
net_compute_outputs_at
net_compute_outputs_free
net_compute_outputs_len
net_compute_outputs_push
net_compute_register_factory
net_compute_register_factory_with_func
net_compute_register_migration_target_identity
net_compute_register_placement_filter
net_compute_replica_group_free
net_compute_replica_group_group_id
net_compute_replica_group_health
net_compute_replica_group_healthy_count
net_compute_replica_group_members_json
net_compute_replica_group_on_node_recovery
net_compute_replica_group_replica_count
net_compute_replica_group_route_event
net_compute_replica_group_scale_to
net_compute_replica_group_spawn
net_compute_runtime_daemon_count
net_compute_runtime_deliver
net_compute_runtime_free
net_compute_runtime_id
net_compute_runtime_is_ready
net_compute_runtime_new
net_compute_runtime_shutdown
net_compute_runtime_snapshot
net_compute_runtime_start
net_compute_runtime_stop
net_compute_set_callback_free
net_compute_set_daemon_caps_dispatcher
net_compute_set_dispatcher
net_compute_set_placement_filter_dispatcher
net_compute_snapshot_bytes_free
net_compute_spawn
net_compute_spawn_from_snapshot
net_compute_standby_group_active_healthy
net_compute_standby_group_active_index
net_compute_standby_group_active_origin
net_compute_standby_group_buffered_event_count
net_compute_standby_group_free
net_compute_standby_group_group_id
net_compute_standby_group_member_count
net_compute_standby_group_member_role
net_compute_standby_group_members_json
net_compute_standby_group_on_node_recovery
net_compute_standby_group_promote
net_compute_standby_group_spawn
net_compute_standby_group_standby_count
net_compute_standby_group_sync_standbys
net_compute_start_migration
net_compute_test_inject_synthetic_peer
net_compute_test_inject_synthetic_peer_with_tags
net_compute_unregister_placement_filter
net_deck_admin_clear_avoid_list
net_deck_admin_cordon
net_deck_admin_drain
net_deck_admin_drop_replicas
net_deck_admin_enter_maintenance
net_deck_admin_exit_maintenance
net_deck_admin_invalidate_placement
net_deck_admin_restart_all_daemons
net_deck_admin_uncordon
net_deck_admin_verifier_free
net_deck_admin_verifier_freshness_window_ms
net_deck_admin_verifier_future_skew_ms
net_deck_admin_verifier_ice_cooldown_ms
net_deck_admin_verifier_new
net_deck_admin_verifier_threshold
net_deck_admin_verifier_with_freshness
net_deck_admin_verifier_with_full_policy
net_deck_audit_query_between
net_deck_audit_query_by_operator
net_deck_audit_query_collect
net_deck_audit_query_force_only
net_deck_audit_query_free
net_deck_audit_query_new
net_deck_audit_query_recent
net_deck_audit_query_since
net_deck_audit_query_stream
net_deck_audit_records_free
net_deck_audit_stream_free
net_deck_audit_stream_next
net_deck_clear_last_error
net_deck_client_free
net_deck_client_new
net_deck_client_operator_id
net_deck_failure_record_drop
net_deck_failure_stream_free
net_deck_failure_stream_next
net_deck_free_string
net_deck_ice_flush_avoid_lists
net_deck_ice_force_cutover
net_deck_ice_force_evict_replica
net_deck_ice_force_restart_daemon
net_deck_ice_freeze_cluster
net_deck_ice_kill_migration
net_deck_ice_proposal_free
net_deck_ice_proposal_issued_at_ms
net_deck_ice_proposal_simulate
net_deck_ice_thaw_cluster
net_deck_last_error_kind
net_deck_last_error_message
net_deck_log_record_drop
net_deck_log_stream_free
net_deck_log_stream_next
net_deck_operator_identity_free
net_deck_operator_identity_from_seed
net_deck_operator_identity_generate
net_deck_operator_identity_operator_id
net_deck_operator_identity_public_key
net_deck_operator_identity_sign_payload
net_deck_operator_identity_sign_proposal
net_deck_operator_registry_contains
net_deck_operator_registry_free
net_deck_operator_registry_insert
net_deck_operator_registry_len
net_deck_operator_registry_new
net_deck_operator_registry_register
net_deck_operator_registry_verify
net_deck_operator_registry_verify_bundle
net_deck_signing_payload_free
net_deck_simulated_blast_hash
net_deck_simulated_blast_radius
net_deck_simulated_commit
net_deck_simulated_free
net_deck_simulated_issued_at_ms
net_deck_simulated_signing_payload
net_deck_snapshot_stream_free
net_deck_snapshot_stream_next
net_deck_status
net_deck_status_summary
net_deck_status_summary_stream_free
net_deck_status_summary_stream_next
net_deck_subscribe_failures
net_deck_subscribe_logs
net_deck_subscribe_snapshots
net_deck_subscribe_status_summaries
net_delegate_token
net_dir_manifest_read
net_fetch_blob
net_fetch_blob_discovered
net_fetch_dir
net_ffi_abi_version
net_flush
net_fold_query_client_free
net_fold_query_client_invalidate_cache
net_fold_query_client_invalidate_target
net_fold_query_client_new
net_fold_query_client_query_latest
net_fold_query_client_query_summarize_now
net_fold_query_client_set_deadline
net_fold_query_client_set_ttl
net_fold_query_last_error_detail
net_free_bytes
net_free_poll_result
net_free_string
net_generate_keypair
net_identity_at_generation
net_identity_entity_id
net_identity_free
net_identity_from_seed
net_identity_from_state
net_identity_generate
net_identity_generation
net_identity_install_token
net_identity_issue_token
net_identity_lookup_token
net_identity_node_id
net_identity_origin_hash
net_identity_sign
net_identity_state_size
net_identity_to_seed
net_identity_to_state
net_identity_token_cache_len
net_ingest
net_ingest_batch
net_ingest_raw
net_ingest_raw_batch
net_ingest_raw_ex
net_init
net_mcp_cap_id_canonicalize
net_mcp_classify
net_mcp_clear_last_error
net_mcp_consent_policy_allow
net_mcp_consent_policy_decide
net_mcp_consent_policy_free
net_mcp_consent_policy_is_pinned
net_mcp_consent_policy_new
net_mcp_consent_policy_pin
net_mcp_consent_policy_pinned
net_mcp_consent_policy_unpin
net_mcp_credential_requires_consent
net_mcp_free_string
net_mcp_last_error_kind
net_mcp_last_error_message
net_mcp_lower_tool
net_mcp_pin_approve
net_mcp_pin_is_approved
net_mcp_pin_list
net_mcp_pin_reject
net_mcp_pin_request
net_mcp_pin_state
net_memories_adapter_close
net_memories_adapter_free
net_memories_adapter_open
net_memories_delete
net_memories_list
net_memories_pin
net_memories_retag
net_memories_snapshot_and_watch
net_memories_store
net_memories_unpin
net_memories_wait_for_seq
net_memories_wait_for_token
net_memories_watch_free
net_memories_watch_next
net_mesh_accept
net_mesh_announce_capabilities
net_mesh_arc_clone
net_mesh_arc_free
net_mesh_blob_adapter_exists
net_mesh_blob_adapter_fetch
net_mesh_blob_adapter_free
net_mesh_blob_adapter_new
net_mesh_blob_adapter_overflow_active
net_mesh_blob_adapter_overflow_config
net_mesh_blob_adapter_overflow_enabled
net_mesh_blob_adapter_prometheus_text
net_mesh_blob_adapter_set_overflow_config
net_mesh_blob_adapter_set_overflow_enabled
net_mesh_blob_adapter_store
net_mesh_channel_configs_arc_clone
net_mesh_channel_configs_arc_free
net_mesh_claim_island
net_mesh_clear_reflex_override
net_mesh_close_stream
net_mesh_connect
net_mesh_connect_direct
net_mesh_connect_direct_auto
net_mesh_entity_id
net_mesh_find_best_node
net_mesh_find_best_node_scoped
net_mesh_find_nodes
net_mesh_find_nodes_scoped
net_mesh_free
net_mesh_match_islands
net_mesh_nat_type
net_mesh_new
net_mesh_node_id
net_mesh_open_stream
net_mesh_peer_nat_type
net_mesh_probe_reflex
net_mesh_public_key_hex
net_mesh_publish
net_mesh_publish_island_topology
net_mesh_reclassify_nat
net_mesh_recv_shard
net_mesh_reflex_addr
net_mesh_register_channel
net_mesh_release_island
net_mesh_reserve_island
net_mesh_send
net_mesh_send_blocking
net_mesh_send_with_retry
net_mesh_set_reflex_override
net_mesh_shutdown
net_mesh_start
net_mesh_stream_free
net_mesh_stream_stats
net_mesh_subscribe_channel
net_mesh_subscribe_channel_with_token
net_mesh_traversal_stats
net_mesh_traversal_stats_v2
net_mesh_unsubscribe_channel
net_meshdb_clear_last_error
net_meshdb_decode_payload_json
net_meshdb_free_string
net_meshdb_iter_free
net_meshdb_iter_next
net_meshdb_last_error_kind
net_meshdb_last_error_message
net_meshdb_payload_free
net_meshdb_query_at
net_meshdb_query_between
net_meshdb_query_count
net_meshdb_query_filter_json
net_meshdb_query_free
net_meshdb_query_join
net_meshdb_query_latest
net_meshdb_query_lineage_emit
net_meshdb_query_numeric_agg
net_meshdb_query_percentile
net_meshdb_query_window
net_meshdb_reader_append
net_meshdb_reader_free
net_meshdb_reader_new
net_meshdb_runner_execute
net_meshdb_runner_execute_with
net_meshdb_runner_free
net_meshdb_runner_new
net_meshdb_runner_new_cached
net_meshos_clear_last_error
net_meshos_free_string
net_meshos_graceful_shutdown
net_meshos_handle_daemon_id
net_meshos_handle_daemon_name
net_meshos_handle_free
net_meshos_last_error_kind
net_meshos_last_error_message
net_meshos_metadata
net_meshos_next_control
net_meshos_process_emit
net_meshos_publish_capabilities
net_meshos_publish_log
net_meshos_refresh_metadata
net_meshos_register_daemon
net_meshos_register_daemon_with_vtable
net_meshos_register_daemon_with_vtable_v2
net_meshos_sdk_dropped_control_events
net_meshos_sdk_free
net_meshos_sdk_shutdown
net_meshos_sdk_start
net_meshos_snapshot_emit
net_meshos_try_next_control
net_netdb_close
net_netdb_free
net_netdb_free_bundle
net_netdb_memories
net_netdb_open
net_netdb_open_from_snapshot
net_netdb_snapshot
net_netdb_tasks
net_normalize_gpu_vendor
net_num_shards
net_org_abi_version
net_org_bind
net_org_call
net_org_call_exported
net_org_cancel_call
net_org_check_abi_version
net_org_client_free
net_org_credentials_free
net_org_credentials_new
net_org_free_cstring
net_org_install_authority
net_org_install_provider_grant_audience
net_org_reserve_cancel_token
net_org_reserve_handler_id
net_org_response_free
net_org_serve
net_org_serve_handle_close
net_org_serve_handle_free
net_org_serve_handle_id
net_org_set_callback_free
net_org_set_handler_dispatcher
net_parse_token
net_poll
net_poll_ex
net_predicate_aggregate_debug_report
net_predicate_evaluate
net_predicate_evaluate_with_trace
net_predicate_redact_metadata_keys
net_predicate_redact_trace_metadata_keys
net_predicate_to_where_header
net_redex_disable_gravity_for_greedy
net_redex_disable_greedy_dataforts
net_redex_enable_gravity_for_greedy
net_redex_enable_greedy_dataforts
net_redex_enable_replication
net_redex_file_append
net_redex_file_close
net_redex_file_free
net_redex_file_len
net_redex_file_read_range
net_redex_file_sync
net_redex_file_tail
net_redex_free
net_redex_greedy_cached_channel_count
net_redex_greedy_prometheus_text
net_redex_new
net_redex_open_file
net_redex_replication_prometheus_text
net_redex_replication_runtime_count
net_redex_tail_free
net_redex_tail_next
net_redis_dedup_capacity
net_redis_dedup_clear
net_redis_dedup_free
net_redis_dedup_is_duplicate
net_redis_dedup_is_empty
net_redis_dedup_len
net_redis_dedup_new
net_register_channel
net_registry_client_free
net_registry_client_list
net_registry_client_new
net_registry_client_set_deadline
net_registry_client_spawn
net_registry_client_unregister
net_registry_last_error_detail
net_rpc_abi_version
net_rpc_call
net_rpc_call_client_stream
net_rpc_call_client_stream_cancellable
net_rpc_call_duplex
net_rpc_call_duplex_cancellable
net_rpc_call_service
net_rpc_call_service_streaming
net_rpc_call_service_with_headers
net_rpc_call_streaming
net_rpc_call_streaming_cancellable
net_rpc_call_streaming_with_headers
net_rpc_call_streaming_with_headers_cancellable
net_rpc_call_with_headers
net_rpc_cancel_call
net_rpc_check_abi_version
net_rpc_client_stream_call_id
net_rpc_client_stream_finish
net_rpc_client_stream_free
net_rpc_client_stream_send
net_rpc_duplex_call_id
net_rpc_duplex_finish_sending
net_rpc_duplex_free
net_rpc_duplex_into_split
net_rpc_duplex_next
net_rpc_duplex_send
net_rpc_duplex_sink_call_id
net_rpc_duplex_sink_finish
net_rpc_duplex_sink_free
net_rpc_duplex_sink_send
net_rpc_duplex_stream_call_id
net_rpc_duplex_stream_free
net_rpc_duplex_stream_next
net_rpc_find_service_nodes
net_rpc_find_service_nodes_free
net_rpc_free
net_rpc_free_cstring
net_rpc_id
net_rpc_list_tools
net_rpc_metrics_snapshot
net_rpc_new
net_rpc_observer_dropped_total
net_rpc_observer_install
net_rpc_request_stream_next
net_rpc_reserve_cancel_token
net_rpc_reserve_handler_id
net_rpc_response_free
net_rpc_response_sink_send
net_rpc_serve
net_rpc_serve_client_stream
net_rpc_serve_duplex
net_rpc_serve_handle_close
net_rpc_serve_handle_free
net_rpc_serve_handle_id
net_rpc_serve_streaming
net_rpc_set_callback_free
net_rpc_set_client_streaming_handler_dispatcher
net_rpc_set_duplex_handler_dispatcher
net_rpc_set_handler_dispatcher
net_rpc_set_observer_dispatcher
net_rpc_set_streaming_handler_dispatcher
net_rpc_stream_call_id
net_rpc_stream_close
net_rpc_stream_free
net_rpc_stream_grant
net_rpc_stream_next
net_rpc_watch_tools
net_rpc_watch_tools_close
net_rpc_watch_tools_free
net_rpc_watch_tools_next
net_serve_blob_transfer
net_shard_group_free
net_shard_group_new
net_shutdown
net_stats
net_stats_ex
net_store_dir
net_subnet_apply_control_fact
net_subnet_declare_boundaries
net_subnet_install_gateway_credentials
net_subnet_serve_exported
net_tasks_adapter_close
net_tasks_adapter_free
net_tasks_adapter_open
net_tasks_complete
net_tasks_create
net_tasks_delete
net_tasks_list
net_tasks_rename
net_tasks_snapshot_and_watch
net_tasks_wait_for_seq
net_tasks_wait_for_token
net_tasks_watch_free
net_tasks_watch_next
net_token_is_expired
net_transport_free_buffer
net_trigger_arm_after_task
net_trigger_arm_after_terminal
net_trigger_arm_at_tick
net_trigger_arm_if_result
net_trigger_armed_count
net_trigger_engine_free
net_trigger_engine_new
net_trigger_on_task_change
net_trigger_on_tick
net_trigger_record_result
net_validate_capabilities
net_verify_signature
net_verify_token
net_version
net_workflow_adapter_free
net_workflow_adapter_open
net_workflow_advance
net_workflow_block
net_workflow_complete
net_workflow_delete
net_workflow_fail
net_workflow_fan_out
net_workflow_get
net_workflow_is_cancel_requested
net_workflow_link
net_workflow_open_from_snapshot
net_workflow_request_cancel
net_workflow_retry
net_workflow_snapshot
net_workflow_start
net_workflow_status_counts
net_workflow_submit
net_workflow_subtree
net_workflow_try_join
net_workflow_wait
net_workflow_wait_for_seq
