warning: Cargo.toml: `panic` setting is ignored for `bench` profile
warning: `net-mesh` (manifest) generated 1 warning
   Compiling net-mesh-wire v0.36.0 (C:\Users\chief\orca\workspaces\net\webrtc-transport\net\crates\net\wire)
   Compiling net-mesh v0.36.0 (C:\Users\chief\orca\workspaces\net\webrtc-transport\net\crates\net)
    Finished `test` profile [unoptimized + debuginfo] target(s) in 57.57s
     Running tests\rtc_repairs.rs (target\debug\deps\rtc_repairs-f4869b58e1dcdfba.exe)

running 1 test
sessions=8 owed=64 actual=64 missing=0
sessions=9 owed=72 actual=64 missing=8

thread 'one_expiry_pass_retains_every_distinct_terminal_owner' (114920) panicked at tests\rtc_repairs.rs:5285:9:
assertion `left == right` failed: one normal expiry pass must retain every distinct terminal owner
  left: {(6, 1), (9, 1), (8, 3), (3, 2), (8, 5), (4, 3), (7, 5), (8, 2), (2, 5), (5, 3), (6, 8), (9, 4), (8, 4), (7, 1), (5, 1), (4, 8), (5, 6), (3, 8), (9, 3), (3, 5), (5, 5), (7, 6), (5, 8), (4, 5), (4, 4), (3, 4), (9, 8), (2, 2), (7, 2), (3, 1), (9, 2), (4, 6), (2, 3), (2, 8), (8, 8), (6, 3), (5, 2), (3, 7), (7, 8), (6, 4), (6, 7), (7, 4), (8, 1), (2, 6), (5, 7), (8, 6), (7, 3), (9, 5), (2, 1), (5, 4), (4, 7), (3, 6), (9, 6), (3, 3), (9, 7), (6, 6), (7, 7), (6, 2), (2, 4), (2, 7), (4, 1), (6, 5), (4, 2), (8, 7)}
 right: {(6, 6), (8, 2), (9, 3), (9, 5), (2, 7), (2, 8), (5, 6), (4, 8), (5, 3), (9, 6), (7, 8), (3, 4), (4, 5), (8, 3), (1, 2), (5, 1), (8, 1), (2, 6), (4, 2), (3, 1), (6, 5), (9, 7), (3, 8), (7, 2), (2, 2), (4, 4), (9, 8), (6, 4), (8, 4), (3, 6), (9, 1), (1, 3), (9, 2), (5, 4), (6, 2), (5, 7), (3, 5), (2, 5), (6, 3), (5, 5), (3, 2), (3, 3), (2, 3), (7, 4), (7, 1), (9, 4), (8, 5), (1, 7), (1, 4), (4, 7), (1, 1), (8, 6), (1, 6), (8, 7), (7, 3), (1, 5), (7, 7), (3, 7), (6, 1), (1, 8), (4, 1), (4, 6), (7, 5), (7, 6), (2, 1), (2, 4), (4, 3), (6, 7), (6, 8), (5, 8), (5, 2), (8, 8)}
note: run with `RUST_BACKTRACE=1` environment variable to display a backtrace
test one_expiry_pass_retains_every_distinct_terminal_owner ... FAILED

failures:

failures:
    one_expiry_pass_retains_every_distinct_terminal_owner

test result: FAILED. 0 passed; 1 failed; 0 ignored; 0 measured; 49 filtered out; finished in 0.00s

error: test failed, to rerun pass `--test rtc_repairs`
