=== R4-6 — inverse receipt ===
--- repaired identity
3fdacc684c3f8260e1ab1b4d8e6c0211b755f235861d64f32db17bffe3edfac0 *src/adapter/net/mesh.rs
eb2acfb4120f64d7df3a873af689cf7e56fd00e527ff630408eaec472e4f2102 *src/adapter/net/rtc/fragment.rs
--- applied repair diff (this item's hunks are named in inverse.py)
apply R4-6 ok
--- INVERSE APPLIED; command:
$ CARGO_INCREMENTAL=0 cargo test --test rtc_repairs --features "net webrtc fixtures" reassembly_loss
warning: Cargo.toml: `panic` setting is ignored for `bench` profile
warning: `net-mesh` (manifest) generated 1 warning
   Compiling net-mesh v0.36.0 (C:\Users\chief\orca\workspaces\net\webrtc-transport\net\crates\net)
    Finished `test` profile [unoptimized + debuginfo] target(s) in 1m 14s
     Running tests\rtc_repairs.rs (target\debug\deps\rtc_repairs-ab2ae437d8444f07.exe)

running 2 tests
test a_reassembly_loss_settles_its_own_half_not_the_reverse_direction ... FAILED
test a_fire_and_forget_reassembly_loss_is_a_permitted_loss ... FAILED

failures:

---- a_reassembly_loss_settles_its_own_half_not_the_reverse_direction stdout ----

thread 'a_reassembly_loss_settles_its_own_half_not_the_reverse_direction' (118228) panicked at tests\rtc_repairs.rs:5496:5:
assertion `left == right` failed: **R4-6**: B's receive cursor for the id must be exactly where it was. A's receive-side loss is not B's send half giving up, and the frame that says so resets the wrong direction
  left: 0
 right: 2

---- a_fire_and_forget_reassembly_loss_is_a_permitted_loss stdout ----

thread 'a_fire_and_forget_reassembly_loss_is_a_permitted_loss' (109244) panicked at tests\rtc_repairs.rs:5627:5:
assertion `left == right` failed: **R4-6**: a fire-and-forget group's loss must not end the receive half of the id. Its sequences were never retransmittable, so nothing was acknowledged away
  left: 0
 right: 3
note: run with `RUST_BACKTRACE=1` environment variable to display a backtrace


failures:
    a_fire_and_forget_reassembly_loss_is_a_permitted_loss
    a_reassembly_loss_settles_its_own_half_not_the_reverse_direction

test result: FAILED. 0 passed; 2 failed; 0 ignored; 0 measured; 54 filtered out; finished in 5.63s

error: test failed, to rerun pass `--test rtc_repairs`
EXIT=101
restore R4-6 ok
--- RESTORED identity (must equal the repaired identity above)
3fdacc684c3f8260e1ab1b4d8e6c0211b755f235861d64f32db17bffe3edfac0 *src/adapter/net/mesh.rs
eb2acfb4120f64d7df3a873af689cf7e56fd00e527ff630408eaec472e4f2102 *src/adapter/net/rtc/fragment.rs
--- GREEN rerun, same command:
warning: Cargo.toml: `panic` setting is ignored for `bench` profile
warning: `net-mesh` (manifest) generated 1 warning
   Compiling net-mesh v0.36.0 (C:\Users\chief\orca\workspaces\net\webrtc-transport\net\crates\net)
    Finished `test` profile [unoptimized + debuginfo] target(s) in 1m 02s
     Running tests\rtc_repairs.rs (target\debug\deps\rtc_repairs-ab2ae437d8444f07.exe)

running 2 tests
test a_fire_and_forget_reassembly_loss_is_a_permitted_loss ... ok
test a_reassembly_loss_settles_its_own_half_not_the_reverse_direction ... ok

test result: ok. 2 passed; 0 failed; 0 ignored; 0 measured; 54 filtered out; finished in 5.66s

EXIT=0
