=== R4-6 INVERSE: reliability guard removed + note_receive_terminal restored in dispose_abandoned_rtc_groups ===
(witness file unchanged: tests/rtc_repairs.rs sha256 9b64eb783b2de3bde6cfaac83a591aadac228caa93884320601c8bd25dc2a147)
$ CARGO_INCREMENTAL=0 cargo test --test rtc_repairs --features "net webrtc fixtures" reassembly_loss
warning: Cargo.toml: `panic` setting is ignored for `bench` profile
warning: `net-mesh` (manifest) generated 1 warning
    Blocking waiting for file lock on build directory
   Compiling ring v0.17.14
   Compiling alloca v0.4.0
   Compiling aws-lc-sys v0.45.0
   Compiling blake3 v1.8.7
   Compiling snow v0.10.0
   Compiling criterion v0.8.2
   Compiling net-mesh-wire v0.36.0 (C:\Users\chief\orca\workspaces\net\webrtc-transport\net\crates\net\wire)
   Compiling aws-lc-rs v1.18.1
   Compiling rcgen v0.14.10
   Compiling dimpl v0.7.3
   Compiling str0m-proto v0.7.0
   Compiling str0m-rust-crypto v0.6.0
   Compiling is v0.11.0
   Compiling str0m v0.23.1
   Compiling net-mesh v0.36.0 (C:\Users\chief\orca\workspaces\net\webrtc-transport\net\crates\net)
error[E0061]: this function takes 4 arguments but 3 arguments were supplied
     --> src\adapter\net\mesh.rs:37750:13
      |
37750 |             super::rtc::FragmentPiece::from_header(
      |             ^^^^^^^^^^^^^^^^^^^^^^^^^^^^^^^^^^^^^^
37751 |                 session.session_id(),
37752 |                 &parsed.header,
      |                 -------------- argument #2 of type `u64` is missing
      |
note: associated function defined here
     --> src\adapter\net\rtc\fragment.rs:307:12
      |
  307 |     pub fn from_header(session_id: u64, epoch: u64, header: &NetHeader, data: Bytes) -> Self {
      |            ^^^^^^^^^^^                  ----------
help: provide the argument
      |
37750 |             super::rtc::FragmentPiece::from_header(
37751 |                 session.session_id(),
37752 ~                 /* u64 */,
37753 ~                 &parsed.header,
      |

error[E0063]: missing field `epoch` in initializer of `AbandonedGroup`
   --> src\adapter\net\rtc\fragment.rs:466:9
    |
466 |         AbandonedGroup {
    |         ^^^^^^^^^^^^^^ missing `epoch`

error[E0063]: missing field `epoch` in initializer of `AbandonedGroup`
    --> src\adapter\net\rtc\fragment.rs:1160:36
     |
1160 |                     abandoned.push(AbandonedGroup {
     |                                    ^^^^^^^^^^^^^^ missing `epoch`

Some errors have detailed explanations: E0061, E0063.
For more information about an error, try `rustc --explain E0061`.
error: could not compile `net-mesh` (lib) due to 3 previous errors
EXIT=101
9b64eb783b2de3bde6cfaac83a591aadac228caa93884320601c8bd25dc2a147  tests/rtc_repairs.rs
