=== R4-8 — inverse receipt ===
--- repaired identity
3fdacc684c3f8260e1ab1b4d8e6c0211b755f235861d64f32db17bffe3edfac0 *src/adapter/net/mesh.rs
eb2acfb4120f64d7df3a873af689cf7e56fd00e527ff630408eaec472e4f2102 *src/adapter/net/rtc/fragment.rs
--- applied repair diff (this item's hunks are named in inverse.py)
apply R4-8 ok
--- INVERSE APPLIED; command:
$ CARGO_INCREMENTAL=0 cargo test --test rtc_repairs --features "net webrtc fixtures" retired_incarnation
warning: Cargo.toml: `panic` setting is ignored for `bench` profile
warning: `net-mesh` (manifest) generated 1 warning
   Compiling net-mesh v0.36.0 (C:\Users\chief\orca\workspaces\net\webrtc-transport\net\crates\net)
warning: unused variable: `retired`
    --> src\adapter\net\rtc\fragment.rs:1128:9
     |
1128 |         retired: &dyn Fn() -> bool,
     |         ^^^^^^^ help: if this is intentional, prefix it with an underscore: `_retired`
     |
     = note: `#[warn(unused_variables)]` (part of `#[warn(unused)]`) on by default

warning: `net-mesh` (lib) generated 1 warning (run `cargo fix --lib -p net-mesh` to apply 1 suggestion)
    Finished `test` profile [unoptimized + debuginfo] target(s) in 1m 02s
     Running tests\rtc_repairs.rs (target\debug\deps\rtc_repairs-ab2ae437d8444f07.exe)

running 1 test
test a_frame_captured_under_a_retired_incarnation_cannot_revive_its_reassembly ... FAILED

failures:

---- a_frame_captured_under_a_retired_incarnation_cannot_revive_its_reassembly stdout ----

thread 'a_frame_captured_under_a_retired_incarnation_cannot_revive_its_reassembly' (115464) panicked at tests\rtc_repairs.rs:3921:5:
assertion `left == right` failed: a frame captured under a retired incarnation must be refused AT THE GUARDED INSERTION (R4-8): it has already passed the ingress's pre-lock retirement check, and with the marker and the fence both past their horizon nothing else stops its ten bytes from recreating the dead session's reassembly state
  left: 15
 right: 5
note: run with `RUST_BACKTRACE=1` environment variable to display a backtrace


failures:
    a_frame_captured_under_a_retired_incarnation_cannot_revive_its_reassembly

test result: FAILED. 0 passed; 1 failed; 0 ignored; 0 measured; 55 filtered out; finished in 3.23s

error: test failed, to rerun pass `--test rtc_repairs`
EXIT=101
restore R4-8 ok
--- RESTORED identity (must equal the repaired identity above)
3fdacc684c3f8260e1ab1b4d8e6c0211b755f235861d64f32db17bffe3edfac0 *src/adapter/net/mesh.rs
eb2acfb4120f64d7df3a873af689cf7e56fd00e527ff630408eaec472e4f2102 *src/adapter/net/rtc/fragment.rs
--- GREEN rerun, same command:
warning: Cargo.toml: `panic` setting is ignored for `bench` profile
warning: `net-mesh` (manifest) generated 1 warning
   Compiling net-mesh v0.36.0 (C:\Users\chief\orca\workspaces\net\webrtc-transport\net\crates\net)
    Finished `test` profile [unoptimized + debuginfo] target(s) in 1m 02s
     Running tests\rtc_repairs.rs (target\debug\deps\rtc_repairs-ab2ae437d8444f07.exe)

running 1 test
test a_frame_captured_under_a_retired_incarnation_cannot_revive_its_reassembly ... ok

test result: ok. 1 passed; 0 failed; 0 ignored; 0 measured; 55 filtered out; finished in 3.21s

EXIT=0
