=== R5-N2 — inverse receipt ===
--- repaired identity
3fdacc684c3f8260e1ab1b4d8e6c0211b755f235861d64f32db17bffe3edfac0 *src/adapter/net/mesh.rs
eb2acfb4120f64d7df3a873af689cf7e56fd00e527ff630408eaec472e4f2102 *src/adapter/net/rtc/fragment.rs
apply R5-N2 ok
--- INVERSE APPLIED; command:
$ CARGO_INCREMENTAL=0 cargo test --test rtc_repairs --features "net webrtc fixtures" oversized_send
warning: Cargo.toml: `panic` setting is ignored for `bench` profile
warning: `net-mesh` (manifest) generated 1 warning
   Compiling net-mesh v0.36.0 (C:\Users\chief\orca\workspaces\net\webrtc-transport\net\crates\net)
warning: comparison is useless due to type limits
     --> src\adapter\net\mesh.rs:45082:49
      |
45082 |                         .is_some_and(|headroom| headroom < 0) =>
      |                                                 ^^^^^^^^^^^^
      |
      = note: `#[warn(unused_comparisons)]` on by default

warning: `net-mesh` (lib) generated 1 warning
    Finished `test` profile [unoptimized + debuginfo] target(s) in 1m 01s
     Running tests\rtc_repairs.rs (target\debug\deps\rtc_repairs-ab2ae437d8444f07.exe)

running 1 test
test an_oversized_send_is_refused_rather_than_evicting_a_descriptor ... FAILED

failures:

---- an_oversized_send_is_refused_rather_than_evicting_a_descriptor stdout ----

thread 'an_oversized_send_is_refused_rather_than_evicting_a_descriptor' (118888) panicked at tests\rtc_repairs.rs:6069:5:
**R5-N2**: a send needing two descriptor slots against one must be refused typed BEFORE its first piece commits, got Ok(())
note: run with `RUST_BACKTRACE=1` environment variable to display a backtrace


failures:
    an_oversized_send_is_refused_rather_than_evicting_a_descriptor

test result: FAILED. 0 passed; 1 failed; 0 ignored; 0 measured; 55 filtered out; finished in 0.25s

error: test failed, to rerun pass `--test rtc_repairs`
EXIT=101
restore R5-N2 ok
--- RESTORED identity (must equal the repaired identity above)
3fdacc684c3f8260e1ab1b4d8e6c0211b755f235861d64f32db17bffe3edfac0 *src/adapter/net/mesh.rs
eb2acfb4120f64d7df3a873af689cf7e56fd00e527ff630408eaec472e4f2102 *src/adapter/net/rtc/fragment.rs
--- GREEN rerun, same command:
warning: Cargo.toml: `panic` setting is ignored for `bench` profile
warning: `net-mesh` (manifest) generated 1 warning
   Compiling net-mesh v0.36.0 (C:\Users\chief\orca\workspaces\net\webrtc-transport\net\crates\net)
    Finished `test` profile [unoptimized + debuginfo] target(s) in 1m 01s
     Running tests\rtc_repairs.rs (target\debug\deps\rtc_repairs-ab2ae437d8444f07.exe)

running 1 test
test an_oversized_send_is_refused_rather_than_evicting_a_descriptor ... ok

test result: ok. 1 passed; 0 failed; 0 ignored; 0 measured; 55 filtered out; finished in 0.25s

EXIT=0
